// Jest Snapshot v1, https://goo.gl/fbAQLP

exports[`should display an input to fill question 1`] = `ReactWrapper {}`;
